Component HMR has been enabled, see https://angular.dev/hmr for more info.
❯ Building...
✔ Building...
Initial chunk files | Names                            |  Raw size
polyfills.js        | polyfills                        |  89.77 kB | 
main.js             | main                             |   8.70 kB | 
chunk-RVGT2PMR.js   | -                                |   3.64 kB | 
chunk-FBHCW7AP.js   | -                                |   1.92 kB | 
chunk-VUJOFXKG.js   | -                                | 938 bytes | 
styles.css          | styles                           | 625 bytes | 
chunk-ULBY7F5E.js   | -                                | 187 bytes | 

                    | Initial total                    | 105.77 kB

Lazy chunk files    | Names                            |  Raw size
chunk-JQQU2IXV.js   | supplier-management-component    |  48.49 kB | 
chunk-4VQTGXGW.js   | product-management-component     |  40.66 kB | 
chunk-FKTNDTHB.js   | supplier-orders-component        |  40.32 kB | 
chunk-HV76JWB3.js   | raw-material-managment-component |  34.85 kB | 
chunk-2GBPT6P2.js   | dashboard-component              |  28.90 kB | 
chunk-ID6FHRDD.js   | login-component                  |  12.21 kB | 
chunk-QBXFV2QO.js   | unauthorized-component           |   3.78 kB | 
chunk-HUISHRET.js   | -                                |   1.58 kB | 
chunk-U7IB355N.js   | -                                |   1.34 kB | 

Application bundle generation complete. [3.089 seconds]

Watch mode enabled. Watching for file changes...
NOTE: Raw file sizes do not reflect development server per-request transformations.
  ➜  Local:   http://localhost:4200/
  ➜  press h + enter to show help
